▲ Next.js 16.3.3 (Turbopack)
- Local:         http://localhost:3000
- Network:       http://0.0.0.0:3000
✓ Ready in 438ms
✓ Running next.config.ts took 20ms

 GET / 200 in 909ms (next.js: 653ms, application-code: 256ms)
 GET /insights 200 in 640ms (next.js: 427ms, application-code: 213ms)
 GET /calendar 200 in 662ms (next.js: 457ms, application-code: 204ms)
 GET / 200 in 961ms (next.js: 403ms, application-code: 558ms)
 GET /manifest.webmanifest 200 in 75ms (next.js: 66ms, application-code: 9ms)
 GET / 200 in 180ms (next.js: 7ms, application-code: 173ms)
 GET /manifest.webmanifest 200 in 8ms (next.js: 4ms, application-code: 3ms)
 GET / 200 in 110ms (next.js: 4ms, application-code: 106ms)
 GET /manifest.webmanifest 200 in 11ms (next.js: 6ms, application-code: 4ms)
 GET / 200 in 13ms (next.js: 4ms, application-code: 9ms)
 GET / 200 in 62ms (next.js: 2.0ms, application-code: 61ms)
 GET /manifest.webmanifest 200 in 4ms (next.js: 1.2ms, application-code: 3ms)
 GET /transactions 200 in 83ms (next.js: 47ms, application-code: 36ms)
 GET /manifest.webmanifest 200 in 5ms (next.js: 2ms, application-code: 3ms)
 GET / 200 in 59ms (next.js: 2ms, application-code: 56ms)
 GET /manifest.webmanifest 200 in 7ms (next.js: 1.8ms, application-code: 5ms)
 GET /data 200 in 158ms (next.js: 71ms, application-code: 87ms)
 GET /manifest.webmanifest 200 in 10ms (next.js: 4ms, application-code: 6ms)
 GET /import 200 in 51ms (next.js: 21ms, application-code: 30ms)
 GET /manifest.webmanifest 200 in 6ms (next.js: 1.3ms, application-code: 4ms)
 GET /simulator 200 in 48ms (next.js: 21ms, application-code: 27ms)
 GET /manifest.webmanifest 200 in 6ms (next.js: 2ms, application-code: 4ms)
 GET /goals 200 in 98ms (next.js: 21ms, application-code: 77ms)
 GET /manifest.webmanifest 200 in 4ms (next.js: 1.8ms, application-code: 2ms)
 GET /calendar 200 in 65ms (next.js: 5ms, application-code: 60ms)
 GET /manifest.webmanifest 200 in 7ms (next.js: 4ms, application-code: 2ms)
 GET /budgets 200 in 68ms (next.js: 20ms, application-code: 48ms)
 GET /manifest.webmanifest 200 in 3ms (next.js: 1.3ms, application-code: 2ms)
 GET /insights 200 in 97ms (next.js: 23ms, application-code: 75ms)
 GET /manifest.webmanifest 200 in 7ms (next.js: 6ms, application-code: 1.7ms)
 GET /insights 200 in 74ms (next.js: 2ms, application-code: 71ms)
 GET /manifest.webmanifest 200 in 2ms (next.js: 1.0ms, application-code: 1.4ms)
 GET /analytics 200 in 83ms (next.js: 33ms, application-code: 51ms)
 GET /manifest.webmanifest 200 in 3ms (next.js: 1.1ms, application-code: 1.5ms)
 GET /transactions 200 in 37ms (next.js: 16ms, application-code: 21ms)
 GET /manifest.webmanifest 200 in 5ms (next.js: 1.8ms, application-code: 3ms)
 GET / 200 in 26ms (next.js: 12ms, application-code: 15ms)
 GET /manifest.webmanifest 200 in 1.9ms (next.js: 0.7ms, application-code: 1.2ms)
